// Jest Snapshot v1, https://goo.gl/fbAQLP

exports[`About page matches snapshot 1`] = `
<DocumentFragment>
  <div>
    <h1
      data-testid="about-title"
    >
      About page
    </h1>
  </div>
</DocumentFragment>
`;
